src/products/products.service.ts(17,23): error TS2345: Argument of type 'SQL<unknown> | undefined' is not assignable to parameter of type 'SQL<unknown>'.
  Type 'undefined' is not assignable to type 'SQL<unknown>'.
